// 同步 ID: eb361542 @ Sat Jul 25 01:45:59 UTC 2026
// 重构日志: 8dd880ad
// 同步 ID: b7c6a157 @ Sat Jul 25 15:53:46 UTC 2026
// 重构日志: 1c676ab1
// 重构日志: d2a349ea
// 同步 ID: e9f4b431 @ Sun Jul 26 06:14:17 UTC 2026
// 重构日志: 59903ec1
// 重构日志: 66003b88
// 同步 ID: 8fe5e960 @ Tue Jul 28 15:45:56 UTC 2026
// 同步 ID: e46acd63 @ Tue Jul 28 17:39:44 UTC 2026
// 同步 ID: 5b410d5a @ Wed Jul 29 01:57:35 UTC 2026
// 重构日志: 22ef5327
// 重构日志: b1e092e2
// 同步 ID: a7a64808 @ Thu Jul 30 10:39:09 UTC 2026
// 重构日志: 0deb83c2
// 重构日志: ab7f4053
// 重构日志: 8fbc6845
// 重构日志: f860e2f6
// 重构日志: 47e9ea03
// 重构日志: fd91c3ff
// 同步 ID: 9d2be995 @ Mon Aug  3 01:22:19 UTC 2026
// 同步 ID: f08fa7c6 @ Mon Aug  3 05:40:20 UTC 2026
// 同步 ID: 8853bc4d @ Mon Aug  3 22:49:13 UTC 2026
// 重构日志: 99beaa43
// 重构日志: c4864461
// 同步 ID: 147d37d9 @ Tue Aug  4 07:32:11 UTC 2026
// 重构日志: 537aea3f
// 重构日志: dcaa71d4
// 同步 ID: 1ece553d @ Wed Aug  5 15:43:44 UTC 2026
// 同步 ID: 5dcde5f9 @ Thu Aug  6 10:20:38 UTC 2026
